>// SYNTAX TEST "text.html.dreego" "advanced sections"
#^^^^^^^^^^^^^^^^^^^^^^^^^^^^^^^^^^^^^^^^^^^^^^^^^^^^^^ text.html.dreego
><head>
#^^^^^ text.html.dreego meta.section.head.dreego entity.name.tag.head.dreego
#     ^^ text.html.dreego meta.section.head.dreego
>    <title>{{ title }}</title>
#^^^^ text.html.dreego meta.section.head.dreego
#    ^ text.html.dreego meta.section.head.dreego meta.tag.html
#     ^^^^^ text.html.dreego meta.section.head.dreego meta.tag.html entity.name.tag.html
#          ^ text.html.dreego meta.section.head.dreego meta.tag.html
#           ^^ text.html.dreego meta.section.head.dreego string.template.dreego
#             ^^^^^^^ text.html.dreego meta.section.head.dreego string.template.dreego variable.other.dreego
#                    ^^ text.html.dreego meta.section.head.dreego string.template.dreego
#                      ^ text.html.dreego meta.section.head.dreego meta.tag.html
#                       ^ text.html.dreego meta.section.head.dreego meta.tag.html punctuation.definition.tag.begin.html
#                        ^^^^^ text.html.dreego meta.section.head.dreego meta.tag.html entity.name.tag.html
#                             ^ text.html.dreego meta.section.head.dreego meta.tag.html
>    {#head}
#^^^^ text.html.dreego meta.section.head.dreego
#    ^^^^^^^ text.html.dreego meta.section.head.dreego keyword.control.conditional.dreego
></head>
#^^^^^^^ text.html.dreego meta.section.head.dreego entity.name.tag.head.dreego
>
><server>
#^^^^^^^ text.html.dreego meta.section.server.dreego entity.name.tag.server.dreego
#       ^ text.html.dreego meta.section.server.dreego source.go
>    message := "Hello"
#^^^^^^^^^^^^^^^^^^^^^^ text.html.dreego meta.section.server.dreego source.go
></server>
#^^^^^^^^^ text.html.dreego meta.section.server.dreego entity.name.tag.server.dreego
>
><body>
#^^^^^ text.html.dreego meta.section.body.dreego entity.name.tag.body.dreego
#     ^^ text.html.dreego meta.section.body.dreego
>    <@Hero
#^^^^ text.html.dreego meta.section.body.dreego
#    ^^ text.html.dreego meta.section.body.dreego meta.tag.component.open.dreego
#      ^^^^ text.html.dreego meta.section.body.dreego meta.tag.component.open.dreego entity.name.tag.component.dreego
>        badge="New"
#^^^^^^^^ text.html.dreego meta.section.body.dreego meta.tag.component.open.dreego
#        ^^^^^ text.html.dreego meta.section.body.dreego meta.tag.component.open.dreego entity.other.attribute-name.dreego
#             ^ text.html.dreego meta.section.body.dreego meta.tag.component.open.dreego
#              ^ text.html.dreego meta.section.body.dreego meta.tag.component.open.dreego string.quoted.double.dreego
#               ^^^ text.html.dreego meta.section.body.dreego meta.tag.component.open.dreego string.quoted.double.dreego
#                  ^ text.html.dreego meta.section.body.dreego meta.tag.component.open.dreego string.quoted.double.dreego
>        title="{{ c.Title() }}"
#^^^^^^^^ text.html.dreego meta.section.body.dreego meta.tag.component.open.dreego
#        ^^^^^ text.html.dreego meta.section.body.dreego meta.tag.component.open.dreego entity.other.attribute-name.dreego
#             ^ text.html.dreego meta.section.body.dreego meta.tag.component.open.dreego
#              ^ text.html.dreego meta.section.body.dreego meta.tag.component.open.dreego string.quoted.double.dreego
#               ^^ text.html.dreego meta.section.body.dreego meta.tag.component.open.dreego string.quoted.double.dreego string.template.dreego
#                 ^^^^^^^^^^^ text.html.dreego meta.section.body.dreego meta.tag.component.open.dreego string.quoted.double.dreego string.template.dreego variable.other.dreego
#                            ^^ text.html.dreego meta.section.body.dreego meta.tag.component.open.dreego string.quoted.double.dreego string.template.dreego
#                              ^ text.html.dreego meta.section.body.dreego meta.tag.component.open.dreego string.quoted.double.dreego
>    />
#^^^^^ text.html.dreego meta.section.body.dreego meta.tag.component.open.dreego
#     ^ text.html.dreego meta.section.body.dreego meta.tag.component.open.dreego
>    <@Hero badge="New"><span>child</span></@Hero>
#^^^^ text.html.dreego meta.section.body.dreego
#    ^^ text.html.dreego meta.section.body.dreego meta.tag.component.open.dreego
#      ^^^^ text.html.dreego meta.section.body.dreego meta.tag.component.open.dreego entity.name.tag.component.dreego
#          ^ text.html.dreego meta.section.body.dreego meta.tag.component.open.dreego
#           ^^^^^ text.html.dreego meta.section.body.dreego meta.tag.component.open.dreego entity.other.attribute-name.dreego
#                ^ text.html.dreego meta.section.body.dreego meta.tag.component.open.dreego
#                 ^ text.html.dreego meta.section.body.dreego meta.tag.component.open.dreego string.quoted.double.dreego
#                  ^^^ text.html.dreego meta.section.body.dreego meta.tag.component.open.dreego string.quoted.double.dreego
#                     ^ text.html.dreego meta.section.body.dreego meta.tag.component.open.dreego string.quoted.double.dreego
#                      ^ text.html.dreego meta.section.body.dreego meta.tag.component.open.dreego
#                       ^ text.html.dreego meta.section.body.dreego meta.tag.html
#                        ^^^^ text.html.dreego meta.section.body.dreego meta.tag.html entity.name.tag.html
#                            ^ text.html.dreego meta.section.body.dreego meta.tag.html
#                             ^^^^^ text.html.dreego meta.section.body.dreego
#                                  ^ text.html.dreego meta.section.body.dreego meta.tag.html
#                                   ^ text.html.dreego meta.section.body.dreego meta.tag.html punctuation.definition.tag.begin.html
#                                    ^^^^ text.html.dreego meta.section.body.dreego meta.tag.html entity.name.tag.html
#                                        ^ text.html.dreego meta.section.body.dreego meta.tag.html
#                                         ^^^ text.html.dreego meta.section.body.dreego meta.tag.component.close.dreego
#                                            ^^^^ text.html.dreego meta.section.body.dreego meta.tag.component.close.dreego entity.name.tag.component.dreego
#                                                ^ text.html.dreego meta.section.body.dreego meta.tag.component.close.dreego
></body>
#^^^^^^^ text.html.dreego meta.section.body.dreego entity.name.tag.body.dreego
>
